FuncDec: int do_math
	args:VarDec: int a

	code: VarDecExpr: int x = id(a)  *  5  +  3 

Expr methodcall do_math 10 

Declaring function do_math
Setting variable x
Operator *
Variable a
Operator +
 type LHS i32 type RHS i32
 type LHS i32 type RHS i32
Added return 

Calling function do_math

