FuncDec: int do_math
	args:VarDec: int a
VarDec: double b

	code: VarDecExpr: int x = id(a)  *  5  +  3 
VarDecExpr: double y = id(b)  +  5.000000 

Expr methodcall do_math 3  8.000000 

Declaring function do_math
Setting variable x
Operator *
Variable a
